core 0: A = 01, D = 03, X = 11, Y = 21, PC = 04, C = 0, Z = 0, [X] = 00, [Y] = 00, [X + D] = 00, [Y + D] = 00
core 0: A = 01, D = 04, X = 11, Y = 21, PC = 0b, C = 0, Z = 0, [X] = 01, [Y] = 03, [X + D] = 08, [Y + D] = 08
00 00 00 00 00 00 00 00  00 00 00 00 00 00 00 00
00 01 00 00 07 08 00 00  00 00 00 00 00 00 00 00
00 03 00 00 00 08 00 00  00 00 00 00 00 00 00 00
00 00 00 00 00 00 00 00  00 00 00 00 00 00 00 00
00 00 00 00 00 00 00 00  00 00 00 00 00 00 00 00
00 00 00 00 00 00 00 00  00 00 00 00 00 00 00 00
00 00 00 00 00 00 00 00  00 00 00 00 00 00 00 00
00 00 00 00 00 00 00 00  00 00 00 00 00 00 00 00
00 00 00 00 00 00 00 00  00 00 00 00 00 00 00 00
00 00 00 00 00 00 00 00  00 00 00 00 00 00 00 00
00 00 00 00 00 00 00 00  00 00 00 00 00 00 00 00
00 00 00 00 00 00 00 00  00 00 00 00 00 00 00 00
00 00 00 00 00 00 00 00  00 00 00 00 00 00 00 00
00 00 00 00 00 00 00 00  00 00 00 00 00 00 00 00
00 00 00 00 00 00 00 00  00 00 00 00 00 00 00 00
00 00 00 00 00 00 00 00  00 00 00 00 00 00 00 00
